Archive member included because of file (symbol)

c:/program files (x86)/atmel/atmel toolchain/avr8 gcc/native/3.4.1061/avr8-gnu-toolchain/bin/../lib/gcc/avr/4.8.1/../../../../avr/lib/avr5\libm.a(addsf3.o)
                              joystick.o (__addsf3)
c:/program files (x86)/atmel/atmel toolchain/avr8 gcc/native/3.4.1061/avr8-gnu-toolchain/bin/../lib/gcc/avr/4.8.1/../../../../avr/lib/avr5\libm.a(addsf3x.o)
                              c:/program files (x86)/atmel/atmel toolchain/avr8 gcc/native/3.4.1061/avr8-gnu-toolchain/bin/../lib/gcc/avr/4.8.1/../../../../avr/lib/avr5\libm.a(addsf3.o) (__addsf3x)
c:/program files (x86)/atmel/atmel toolchain/avr8 gcc/native/3.4.1061/avr8-gnu-toolchain/bin/../lib/gcc/avr/4.8.1/../../../../avr/lib/avr5\libm.a(atan2.o)
                              joystick.o (atan2)
c:/program files (x86)/atmel/atmel toolchain/avr8 gcc/native/3.4.1061/avr8-gnu-toolchain/bin/../lib/gcc/avr/4.8.1/../../../../avr/lib/avr5\libm.a(atan.o)
                              c:/program files (x86)/atmel/atmel toolchain/avr8 gcc/native/3.4.1061/avr8-gnu-toolchain/bin/../lib/gcc/avr/4.8.1/../../../../avr/lib/avr5\libm.a(atan2.o) (atan)
c:/program files (x86)/atmel/atmel toolchain/avr8 gcc/native/3.4.1061/avr8-gnu-toolchain/bin/../lib/gcc/avr/4.8.1/../../../../avr/lib/avr5\libm.a(cmpsf2.o)
                              joystick.o (__ltsf2)
c:/program files (x86)/atmel/atmel toolchain/avr8 gcc/native/3.4.1061/avr8-gnu-toolchain/bin/../lib/gcc/avr/4.8.1/../../../../avr/lib/avr5\libm.a(divsf3x.o)
                              c:/program files (x86)/atmel/atmel toolchain/avr8 gcc/native/3.4.1061/avr8-gnu-toolchain/bin/../lib/gcc/avr/4.8.1/../../../../avr/lib/avr5\libm.a(atan2.o) (__divsf3_pse)
c:/program files (x86)/atmel/atmel toolchain/avr8 gcc/native/3.4.1061/avr8-gnu-toolchain/bin/../lib/gcc/avr/4.8.1/../../../../avr/lib/avr5\libm.a(fixsfsi.o)
                              joystick.o (__fixsfsi)
c:/program files (x86)/atmel/atmel toolchain/avr8 gcc/native/3.4.1061/avr8-gnu-toolchain/bin/../lib/gcc/avr/4.8.1/../../../../avr/lib/avr5\libm.a(fixunssfsi.o)
                              c:/program files (x86)/atmel/atmel toolchain/avr8 gcc/native/3.4.1061/avr8-gnu-toolchain/bin/../lib/gcc/avr/4.8.1/../../../../avr/lib/avr5\libm.a(fixsfsi.o) (__fixunssfsi)
c:/program files (x86)/atmel/atmel toolchain/avr8 gcc/native/3.4.1061/avr8-gnu-toolchain/bin/../lib/gcc/avr/4.8.1/../../../../avr/lib/avr5\libm.a(floatsisf.o)
                              joystick.o (__floatsisf)
c:/program files (x86)/atmel/atmel toolchain/avr8 gcc/native/3.4.1061/avr8-gnu-toolchain/bin/../lib/gcc/avr/4.8.1/../../../../avr/lib/avr5\libm.a(fp_cmp.o)
                              c:/program files (x86)/atmel/atmel toolchain/avr8 gcc/native/3.4.1061/avr8-gnu-toolchain/bin/../lib/gcc/avr/4.8.1/../../../../avr/lib/avr5\libm.a(cmpsf2.o) (__fp_cmp)
c:/program files (x86)/atmel/atmel toolchain/avr8 gcc/native/3.4.1061/avr8-gnu-toolchain/bin/../lib/gcc/avr/4.8.1/../../../../avr/lib/avr5\libm.a(fp_inf.o)
                              c:/program files (x86)/atmel/atmel toolchain/avr8 gcc/native/3.4.1061/avr8-gnu-toolchain/bin/../lib/gcc/avr/4.8.1/../../../../avr/lib/avr5\libm.a(addsf3x.o) (__fp_inf)
c:/program files (x86)/atmel/atmel toolchain/avr8 gcc/native/3.4.1061/avr8-gnu-toolchain/bin/../lib/gcc/avr/4.8.1/../../../../avr/lib/avr5\libm.a(fp_nan.o)
                              c:/program files (x86)/atmel/atmel toolchain/avr8 gcc/native/3.4.1061/avr8-gnu-toolchain/bin/../lib/gcc/avr/4.8.1/../../../../avr/lib/avr5\libm.a(addsf3x.o) (__fp_nan)
c:/program files (x86)/atmel/atmel toolchain/avr8 gcc/native/3.4.1061/avr8-gnu-toolchain/bin/../lib/gcc/avr/4.8.1/../../../../avr/lib/avr5\libm.a(fp_powser.o)
                              c:/program files (x86)/atmel/atmel toolchain/avr8 gcc/native/3.4.1061/avr8-gnu-toolchain/bin/../lib/gcc/avr/4.8.1/../../../../avr/lib/avr5\libm.a(atan.o) (__fp_powser)
c:/program files (x86)/atmel/atmel toolchain/avr8 gcc/native/3.4.1061/avr8-gnu-toolchain/bin/../lib/gcc/avr/4.8.1/../../../../avr/lib/avr5\libm.a(fp_pscA.o)
                              c:/program files (x86)/atmel/atmel toolchain/avr8 gcc/native/3.4.1061/avr8-gnu-toolchain/bin/../lib/gcc/avr/4.8.1/../../../../avr/lib/avr5\libm.a(addsf3x.o) (__fp_pscA)
c:/program files (x86)/atmel/atmel toolchain/avr8 gcc/native/3.4.1061/avr8-gnu-toolchain/bin/../lib/gcc/avr/4.8.1/../../../../avr/lib/avr5\libm.a(fp_pscB.o)
                              c:/program files (x86)/atmel/atmel toolchain/avr8 gcc/native/3.4.1061/avr8-gnu-toolchain/bin/../lib/gcc/avr/4.8.1/../../../../avr/lib/avr5\libm.a(addsf3x.o) (__fp_pscB)
c:/program files (x86)/atmel/atmel toolchain/avr8 gcc/native/3.4.1061/avr8-gnu-toolchain/bin/../lib/gcc/avr/4.8.1/../../../../avr/lib/avr5\libm.a(fp_round.o)
                              c:/program files (x86)/atmel/atmel toolchain/avr8 gcc/native/3.4.1061/avr8-gnu-toolchain/bin/../lib/gcc/avr/4.8.1/../../../../avr/lib/avr5\libm.a(addsf3.o) (__fp_round)
[...]
Memory Configuration

Name             Origin             Length             Attributes
text             0x00000000         0x00020000         xr
data             0x00800060         0x0000ffa0         rw !x
eeprom           0x00810000         0x00010000         rw !x
fuse             0x00820000         0x00000400         rw !x
lock             0x00830000         0x00000400         rw !x
signature        0x00840000         0x00000400         rw !x
user_signatures  0x00850000         0x00000400         rw !x
*default*        0x00000000         0xffffffff

Linker script and memory map

Address of section .data set to 0x800100
LOAD c:/program files (x86)/atmel/atmel toolchain/avr8 gcc/native/3.4.1061/avr8-gnu-toolchain/bin/../lib/gcc/avr/4.8.1/../../../../avr/lib/avr5/crtm162.o
LOAD adc.o
LOAD CAN.o
LOAD FSM.o
LOAD joystick.o
LOAD Main.o
LOAD MCP2515.o
LOAD memory.o
LOAD menu.o
LOAD oled.o
LOAD slider.o
LOAD SPI.o
LOAD sram.o
LOAD test.o
LOAD UART.o
START GROUP
LOAD c:/program files (x86)/atmel/atmel toolchain/avr8 gcc/native/3.4.1061/avr8-gnu-toolchain/bin/../lib/gcc/avr/4.8.1/../../../../avr/lib/avr5\libm.a
END GROUP
LOAD c:/program files (x86)/atmel/atmel toolchain/avr8 gcc/native/3.4.1061/avr8-gnu-toolchain/bin/../lib/gcc/avr/4.8.1/avr5\libgcc.a
LOAD c:/program files (x86)/atmel/atmel toolchain/avr8 gcc/native/3.4.1061/avr8-gnu-toolchain/bin/../lib/gcc/avr/4.8.1/../../../../avr/lib/avr5\libm.a
START GROUP
LOAD c:/program files (x86)/atmel/atmel toolchain/avr8 gcc/native/3.4.1061/avr8-gnu-toolchain/bin/../lib/gcc/avr/4.8.1/avr5\libgcc.a
LOAD c:/program files (x86)/atmel/atmel toolchain/avr8 gcc/native/3.4.1061/avr8-gnu-toolchain/bin/../lib/gcc/avr/4.8.1/../../../../avr/lib/avr5\libm.a
LOAD c:/program files (x86)/atmel/atmel toolchain/avr8 gcc/native/3.4.1061/avr8-gnu-toolchain/bin/../lib/gcc/avr/4.8.1/../../../../avr/lib/avr5\libc.a
END GROUP

.hash
 *(.hash)

.dynsym
 *(.dynsym)

.dynstr
 *(.dynstr)

.gnu.version
 *(.gnu.version)

.gnu.version_d
 *(.gnu.version_d)

.gnu.version_r
 *(.gnu.version_r)

.rel.init
 *(.rel.init)

.rela.init
 *(.rela.init)

.rel.text
 *(.rel.text)
 *(.rel.text.*)
 *(.rel.gnu.linkonce.t*)

.rela.text
 *(.rela.text)
 *(.rela.text.*)
 *(.rela.gnu.linkonce.t*)

.rel.fini
 *(.rel.fini)

.rela.fini
 *(.rela.fini)

.rel.rodata
 *(.rel.rodata)
 *(.rel.rodata.*)
 *(.rel.gnu.linkonce.r*)

.rela.rodata
 *(.rela.rodata)
 *(.rela.rodata.*)
 *(.rela.gnu.linkonce.r*)

.rel.data
 *(.rel.data)
 *(.rel.data.*)
 *(.rel.gnu.linkonce.d*)

.rela.data
 *(.rela.data)
 *(.rela.data.*)
 *(.rela.gnu.linkonce.d*)

.rel.ctors
 *(.rel.ctors)

.rela.ctors
 *(.rela.ctors)

.rel.dtors
 *(.rel.dtors)

.rela.dtors
 *(.rela.dtors)

.rel.got
 *(.rel.got)

.rela.got
 *(.rela.got)

.rel.bss
 *(.rel.bss)

.rela.bss
 *(.rela.bss)

.rel.plt
 *(.rel.plt)

.rela.plt
 *(.rela.plt)

.text           0x00000000     0x2454
 *(.vectors)
 .vectors       0x00000000       0x70 c:/program files (x86)/atmel/atmel toolchain/avr8 gcc/native/3.4.1061/avr8-gnu-toolchain/bin/../lib/gcc/avr/4.8.1/../../../../avr/lib/avr5/crtm162.o
                0x00000000                __vector_default
                0x00000000                __vectors
 *(.vectors)
 *(.progmem.gcc*)
 .progmem.gcc_fplib
                0x00000070       0x2d c:/program files (x86)/atmel/atmel toolchain/avr8 gcc/native/3.4.1061/avr8-gnu-toolchain/bin/../lib/gcc/avr/4.8.1/../../../../avr/lib/avr5\libm.a(atan.o)
                0x0000009e                . = ALIGN (0x2)
 *fill*         0x0000009d        0x1 
                0x0000009e                __trampolines_start = .
 *(.trampolines)
 .trampolines   0x0000009e        0x0 linker stubs
 *(.trampolines*)
                0x0000009e                __trampolines_end = .
 *(.progmem*)
 .progmem.data.font4
                0x0000009e      0x17c oled.o
                0x0000009e                font4
 .progmem.data.font5
                0x0000021a      0x1db oled.o
                0x0000021a                font5
 .progmem.data.font8
                0x000003f5      0x2f8 oled.o
                0x000003f5                font8
                0x000006ee                . = ALIGN (0x2)
 *fill*         0x000006ed        0x1 
 *(.jumptables)
 *(.jumptables*)
 *(.lowtext)
 *(.lowtext*)
                0x000006ee                __ctors_start = .
 *(.ctors)
                0x000006ee                __ctors_end = .
                0x000006ee                __dtors_start = .
 *(.dtors)
                0x000006ee                __dtors_end = .
 SORT(*)(.ctors)
 SORT(*)(.dtors)
 *(.init0)
 .init0         0x000006ee        0x0 c:/program files (x86)/atmel/atmel toolchain/avr8 gcc/native/3.4.1061/avr8-gnu-toolchain/bin/../lib/gcc/avr/4.8.1/../../../../avr/lib/avr5/crtm162.o
                0x000006ee                __init
 *(.init0)
 *(.init1)
 *(.init1)
 *(.init2)
 .init2         0x000006ee        0xc c:/program files (x86)/atmel/atmel toolchain/avr8 gcc/native/3.4.1061/avr8-gnu-toolchain/bin/../lib/gcc/avr/4.8.1/../../../../avr/lib/avr5/crtm162.o
 *(.init2)
 *(.init3)
 *(.init3)
 *(.init4)
 .init4         0x000006fa       0x16 c:/program files (x86)/atmel/atmel toolchain/avr8 gcc/native/3.4.1061/avr8-gnu-toolchain/bin/../lib/gcc/avr/4.8.1/avr5\libgcc.a(_copy_data.o)
                0x000006fa                __do_copy_data
 .init4         0x00000710       0x10 c:/program files (x86)/atmel/atmel toolchain/avr8 gcc/native/3.4.1061/avr8-gnu-toolchain/bin/../lib/gcc/avr/4.8.1/avr5\libgcc.a(_clear_bss.o)
                0x00000710                __do_clear_bss
 *(.init4)
 *(.init5)
 *(.init5)
 *(.init6)
 *(.init6)
 *(.init7)
 *(.init7)
 *(.init8)
 *(.init8)
 *(.init9)
 .init9         0x00000720        0x8 c:/program files (x86)/atmel/atmel toolchain/avr8 gcc/native/3.4.1061/avr8-gnu-toolchain/bin/../lib/gcc/avr/4.8.1/../../../../avr/lib/avr5/crtm162.o
 *(.init9)
 *(.text)
 .text          0x00000728        0x4 c:/program files (x86)/atmel/atmel toolchain/avr8 gcc/native/3.4.1061/avr8-gnu-toolchain/bin/../lib/gcc/avr/4.8.1/../../../../avr/lib/avr5/crtm162.o
                0x00000728                __vector_22
                0x00000728                __vector_1
                0x00000728                __vector_24
                0x00000728                __vector_12
                0x00000728                __bad_interrupt
                0x00000728                __vector_6
                0x00000728                __vector_3
                0x00000728                __vector_23
                0x00000728                __vector_25
                0x00000728                __vector_11
                0x00000728                __vector_13
                0x00000728                __vector_17
                0x00000728                __vector_19
                0x00000728                __vector_7
                0x00000728                __vector_27
                0x00000728                __vector_5
                0x00000728                __vector_4
                0x00000728                __vector_9
                0x00000728                __vector_2
                0x00000728                __vector_21
                0x00000728                __vector_15
                0x00000728                __vector_8
                0x00000728                __vector_26
                0x00000728                __vector_14
                0x00000728                __vector_10
                0x00000728                __vector_16
                0x00000728                __vector_18
                0x00000728                __vector_20
                0x0000072c                . = ALIGN (0x2)
 *(.text.*)
 .text.ADC_init
                0x0000072c        0x4 adc.o
                0x0000072c                ADC_init
 .text.ADC_read
                0x00000730        0xe adc.o
                0x00000730                ADC_read
 .text.can_init
                0x0000073e       0x14 CAN.o
                0x0000073e                can_init
 .text.can_send
                0x00000752       0xb4 CAN.o
                0x00000752                can_send
 .text.can_recieve
                0x00000806      0x102 CAN.o
                0x00000806                can_recieve
 .text.CAN_package
                0x00000908       0x6a CAN.o
                0x00000908                CAN_package
 .text.FSM      0x00000972       0x54 FSM.o
                0x00000972                FSM
 .text.joystick_init
                0x000009c6        0x4 joystick.o
                0x000009c6                joystick_init
 .text.joystick_button
                0x000009ca        0xe joystick.o
                0x000009ca                joystick_button
 .text.find_joystick_center
                0x000009d8       0x16 joystick.o
                0x000009d8                find_joystick_center
 .text.find_position
                0x000009ee       0x32 joystick.o
                0x000009ee                find_position
 .text.find_degree
                0x00000a20       0xa8 joystick.o
                0x00000a20                find_degree
 .text.find_direction
                0x00000ac8       0x58 joystick.o
                0x00000ac8                find_direction
 .text.main     0x00000b20       0x7e Main.o
                0x00000b20                main
 .text.mcp2515_read
                0x00000b9e       0x24 MCP2515.o
                0x00000b9e                mcp2515_read
 .text.mcp2515_write
                0x00000bc2       0x28 MCP2515.o
                0x00000bc2                mcp2515_write
 .text.mcp2515_reset
                0x00000bea       0x10 MCP2515.o
                0x00000bea                mcp2515_reset
 .text.mcp2515_request_to_send
                0x00000bfa       0x1a MCP2515.o
                0x00000bfa                mcp2515_request_to_send
 .text.mcp2515_bit_modify
                0x00000c14       0x34 MCP2515.o
                0x00000c14                mcp2515_bit_modify
 .text.memory_init
                0x00000c48        0xe memory.o
                0x00000c48                memory_init
 .text.menu_replay_yes
                0x00000c56       0x20 menu.o
                0x00000c56                menu_replay_yes
 .text.menu_create
                0x00000c76       0x4a menu.o
                0x00000c76                menu_create
 .text.menu_display
                0x00000cc0       0xea menu.o
                0x00000cc0                menu_display
 .text.menu_init
                0x00000daa      0x12c menu.o
                0x00000daa                menu_init
 .text.menu_replay_no
                0x00000ed6       0x20 menu.o
                0x00000ed6                menu_replay_no
 .text.menu_difficulty
                0x00000ef6       0x1c menu.o
                0x00000ef6                menu_difficulty
 .text.difficulty_easy
                0x00000f12       0x12 menu.o
                0x00000f12                difficulty_easy
 .text.difficulty_medium
                0x00000f24       0x14 menu.o
                0x00000f24                difficulty_medium
 .text.difficulty_insane
                0x00000f38       0x14 menu.o
                0x00000f38                difficulty_insane
 .text.menu_play_pong
                0x00000f4c      0x134 menu.o
                0x00000f4c                menu_play_pong
 .text.menu_move
                0x00001080      0x128 menu.o
                0x00001080                menu_move
 .text.menu_get_current_menu
                0x000011a8        0xa menu.o
                0x000011a8                menu_get_current_menu
 .text.get_difficulty
                0x000011b2        0x6 menu.o
                0x000011b2                get_difficulty
 .text.oled_init
                0x000011b8       0x5c oled.o
                0x000011b8                oled_init
 .text.oled_goto_page
                0x00001214        0xe oled.o
                0x00001214                oled_goto_page
 .text.oled_goto_column
                0x00001222       0x18 oled.o
                0x00001222                oled_goto_column
 .text.oled_clear_page
                0x0000123a       0x1c oled.o
                0x0000123a                oled_clear_page
 .text.oled_reset
                0x00001256       0x20 oled.o
                0x00001256                oled_reset
 .text.oled_print
                0x00001276       0xd4 oled.o
                0x00001276                oled_print
 .text.oled_printf
                0x0000134a       0x20 oled.o
                0x0000134a                oled_printf
 .text.left_slider_button
                0x0000136a        0x8 slider.o
                0x0000136a                left_slider_button
 .text.right_slider_button
                0x00001372        0x6 slider.o
                0x00001372                right_slider_button
 .text.find_slider_position
                0x00001378       0x18 slider.o
                0x00001378                find_slider_position
 .text.SPI_MasterInit
                0x00001390       0x10 SPI.o
                0x00001390                SPI_MasterInit
 .text.SPI_MasterTransmit
                0x000013a0        0x8 SPI.o
                0x000013a0                SPI_MasterTransmit
 .text.SPI_MasterRecieve
                0x000013a8        0xa SPI.o
                0x000013a8                SPI_MasterRecieve
 .text.SPI_slave_on
                0x000013b2        0x4 SPI.o
                0x000013b2                SPI_slave_on
 .text.SPI_slave_off
                0x000013b6        0x4 SPI.o
                0x000013b6                SPI_slave_off
 .text.SRAM_test
                0x000013ba       0x96 sram.o
                0x000013ba                SRAM_test
 .text.uart_send
                0x00001450        0x8 UART.o
                0x00001450                uart_send
 .text.uart_init
                0x00001458       0x1c UART.o
                0x00001458                uart_init
 .text.avr-libc.fplib
                0x00001474        0xa c:/program files (x86)/atmel/atmel toolchain/avr8 gcc/native/3.4.1061/avr8-gnu-toolchain/bin/../lib/gcc/avr/4.8.1/../../../../avr/lib/avr5\libm.a(addsf3.o)
                0x00001474                __subsf3
                0x00001476                __addsf3
 .text.avr-libc.fplib
                0x0000147e       0xc0 c:/program files (x86)/atmel/atmel toolchain/avr8 gcc/native/3.4.1061/avr8-gnu-toolchain/bin/../lib/gcc/avr/4.8.1/../../../../avr/lib/avr5\libm.a(addsf3x.o)
                0x00001498                __addsf3x
 .text.avr-libc.fplib
                0x0000153e       0x74 c:/program files (x86)/atmel/atmel toolchain/avr8 gcc/native/3.4.1061/avr8-gnu-toolchain/bin/../lib/gcc/avr/4.8.1/../../../../avr/lib/avr5\libm.a(atan2.o)
                0x0000155c                atan2
 .text.avr-libc.fplib
                0x000015b2       0x50 c:/program files (x86)/atmel/atmel toolchain/avr8 gcc/native/3.4.1061/avr8-gnu-toolchain/bin/../lib/gcc/avr/4.8.1/../../../../avr/lib/avr5\libm.a(atan.o)
                0x000015b2                atan
 .text.avr-libc.fplib
                0x00001602        0x8 c:/program files (x86)/atmel/atmel toolchain/avr8 gcc/native/3.4.1061/avr8-gnu-toolchain/bin/../lib/gcc/avr/4.8.1/../../../../avr/lib/avr5\libm.a(cmpsf2.o)
                0x00001602                __nesf2
                0x00001602                __eqsf2
                0x00001602                __cmpsf2
                0x00001602                __ltsf2
                0x00001602                __lesf2
 .text.avr-libc.fplib
                0x0000160a       0xcc c:/program files (x86)/atmel/atmel toolchain/avr8 gcc/native/3.4.1061/avr8-gnu-toolchain/bin/../lib/gcc/avr/4.8.1/../../../../avr/lib/avr5\libm.a(divsf3x.o)
                0x00001620                __divsf3x
                0x00001624                __divsf3_pse
 .text.avr-libc.fplib
                0x000016d6        0xa c:/program files (x86)/atmel/atmel toolchain/avr8 gcc/native/3.4.1061/avr8-gnu-toolchain/bin/../lib/gcc/avr/4.8.1/../../../../avr/lib/avr5\libm.a(fixsfsi.o)
                0x000016d6                __fixsfsi
 .text.avr-libc.fplib
                0x000016e0       0x58 c:/program files (x86)/atmel/atmel toolchain/avr8 gcc/native/3.4.1061/avr8-gnu-toolchain/bin/../lib/gcc/avr/4.8.1/../../../../avr/lib/avr5\libm.a(fixunssfsi.o)
                0x000016e0                __fixunssfsi
 .text.avr-libc.fplib
                0x00001738       0x7a c:/program files (x86)/atmel/atmel toolchain/avr8 gcc/native/3.4.1061/avr8-gnu-toolchain/bin/../lib/gcc/avr/4.8.1/../../../../avr/lib/avr5\libm.a(floatsisf.o)
                0x00001738                __floatunsisf
                0x0000173c                __floatsisf
 .text.avr-libc.fplib
                0x000017b2       0x48 c:/program files (x86)/atmel/atmel toolchain/avr8 gcc/native/3.4.1061/avr8-gnu-toolchain/bin/../lib/gcc/avr/4.8.1/../../../../avr/lib/avr5\libm.a(fp_cmp.o)
                0x000017b2                __fp_cmp
 .text.avr-libc.fplib
                0x000017fa        0xc c:/program files (x86)/atmel/atmel toolchain/avr8 gcc/native/3.4.1061/avr8-gnu-toolchain/bin/../lib/gcc/avr/4.8.1/../../../../avr/lib/avr5\libm.a(fp_inf.o)
                0x000017fa                __fp_inf
 .text.avr-libc.fplib
                0x00001806        0x6 c:/program files (x86)/atmel/atmel toolchain/avr8 gcc/native/3.4.1061/avr8-gnu-toolchain/bin/../lib/gcc/avr/4.8.1/../../../../avr/lib/avr5\libm.a(fp_nan.o)
                0x00001806                __fp_nan
 .text.avr-libc.fplib
                0x0000180c       0x4a c:/program files (x86)/atmel/atmel toolchain/avr8 gcc/native/3.4.1061/avr8-gnu-toolchain/bin/../lib/gcc/avr/4.8.1/../../../../avr/lib/avr5\libm.a(fp_powser.o)
                0x0000180c                __fp_powser
 .text.avr-libc.fplib
                0x00001856        0xe c:/program files (x86)/atmel/atmel toolchain/avr8 gcc/native/3.4.1061/avr8-gnu-toolchain/bin/../lib/gcc/avr/4.8.1/../../../../avr/lib/avr5\libm.a(fp_pscA.o)
                0x00001856                __fp_pscA
 .text.avr-libc.fplib
                0x00001864        0xe c:/program files (x86)/atmel/atmel toolchain/avr8 gcc/native/3.4.1061/avr8-gnu-toolchain/bin/../lib/gcc/avr/4.8.1/../../../../avr/lib/avr5\libm.a(fp_pscB.o)
                0x00001864                __fp_pscB
 .text.avr-libc.fplib
                0x00001872       0x22 c:/program files (x86)/atmel/atmel toolchain/avr8 gcc/native/3.4.1061/avr8-gnu-toolchain/bin/../lib/gcc/avr/4.8.1/../../../../avr/lib/avr5\libm.a(fp_round.o)
                0x00001872                __fp_round
 .text.avr-libc.fplib
                0x00001894       0x44 c:/program files (x86)/atmel/atmel toolchain/avr8 gcc/native/3.4.1061/avr8-gnu-toolchain/bin/../lib/gcc/avr/4.8.1/../../../../avr/lib/avr5\libm.a(fp_split3.o)
                0x00001894                __fp_split3
                0x000018a4                __fp_splitA
 .text.avr-libc.fplib
                0x000018d8        0xe c:/program files (x86)/atmel/atmel toolchain/avr8 gcc/native/3.4.1061/avr8-gnu-toolchain/bin/../lib/gcc/avr/4.8.1/../../../../avr/lib/avr5\libm.a(fp_zero.o)
                0x000018d8                __fp_zero
                0x000018da                __fp_szero
 .text.avr-libc.fplib
                0x000018e6        0xe c:/program files (x86)/atmel/atmel toolchain/avr8 gcc/native/3.4.1061/avr8-gnu-toolchain/bin/../lib/gcc/avr/4.8.1/../../../../avr/lib/avr5\libm.a(inverse.o)
                0x000018e6                inverse
 .text.avr-libc.fplib
                0x000018f4        0x4 c:/program files (x86)/atmel/atmel toolchain/avr8 gcc/native/3.4.1061/avr8-gnu-toolchain/bin/../lib/gcc/avr/4.8.1/../../../../avr/lib/avr5\libm.a(mulsf3.o)
                0x000018f4                __mulsf3
 .text.avr-libc.fplib
                0x000018f8       0xc2 c:/program files (x86)/atmel/atmel toolchain/avr8 gcc/native/3.4.1061/avr8-gnu-toolchain/bin/../lib/gcc/avr/4.8.1/../../../../avr/lib/avr5\libm.a(mulsf3x.o)
                0x0000190c                __mulsf3x
                0x00001910                __mulsf3_pse
 .text.avr-libc.fplib
                0x000019ba        0x6 c:/program files (x86)/atmel/atmel toolchain/avr8 gcc/native/3.4.1061/avr8-gnu-toolchain/bin/../lib/gcc/avr/4.8.1/../../../../avr/lib/avr5\libm.a(square.o)
                0x000019ba                square
 .text.avr-libc.fplib
                0x000019c0        0x4 c:/program files (x86)/atmel/atmel toolchain/avr8 gcc/native/3.4.1061/avr8-gnu-toolchain/bin/../lib/gcc/avr/4.8.1/../../../../avr/lib/avr5\libm.a(divsf3.o)
                0x000019c0                __divsf3
 .text.avr-libc
                0x000019c4      0x24e c:/program files (x86)/atmel/atmel toolchain/avr8 gcc/native/3.4.1061/avr8-gnu-toolchain/bin/../lib/gcc/avr/4.8.1/../../../../avr/lib/avr5\libc.a(malloc.o)
                0x000019c4                malloc
                0x00001af4                free
 .text.avr-libc
                0x00001c12       0xbc c:/program files (x86)/atmel/atmel toolchain/avr8 gcc/native/3.4.1061/avr8-gnu-toolchain/bin/../lib/gcc/avr/4.8.1/../../../../avr/lib/avr5\libc.a(rand.o)
                0x00001ca8                rand_r
                0x00001cae                rand
                0x00001cb8                srand
 .text.avr-libc
                0x00001cce       0x96 c:/program files (x86)/atmel/atmel toolchain/avr8 gcc/native/3.4.1061/avr8-gnu-toolchain/bin/../lib/gcc/avr/4.8.1/../../../../avr/lib/avr5\libc.a(fdevopen.o)
                0x00001cce                fdevopen
 .text.avr-libc
                0x00001d64       0x28 c:/program files (x86)/atmel/atmel toolchain/avr8 gcc/native/3.4.1061/avr8-gnu-toolchain/bin/../lib/gcc/avr/4.8.1/../../../../avr/lib/avr5\libc.a(printf.o)
                0x00001d64                printf
 .text.avr-libc
                0x00001d8c       0x5a c:/program files (x86)/atmel/atmel toolchain/avr8 gcc/native/3.4.1061/avr8-gnu-toolchain/bin/../lib/gcc/avr/4.8.1/../../../../avr/lib/avr5\libc.a(puts.o)
                0x00001d8c                puts
 .text.avr-libc
                0x00001de6      0x3a4 c:/program files (x86)/atmel/atmel toolchain/avr8 gcc/native/3.4.1061/avr8-gnu-toolchain/bin/../lib/gcc/avr/4.8.1/../../../../avr/lib/avr5\libc.a(vfprintf_std.o)
                0x00001de6                vfprintf
 .text.avr-libc
                0x0000218a       0x38 c:/program files (x86)/atmel/atmel toolchain/avr8 gcc/native/3.4.1061/avr8-gnu-toolchain/bin/../lib/gcc/avr/4.8.1/../../../../avr/lib/avr5\libc.a(calloc.o)
                0x0000218a                calloc
 .text.avr-libc
                0x000021c2       0x16 c:/program files (x86)/atmel/atmel toolchain/avr8 gcc/native/3.4.1061/avr8-gnu-toolchain/bin/../lib/gcc/avr/4.8.1/../../../../avr/lib/avr5\libc.a(strnlen_P.o)
                0x000021c2                strnlen_P
 .text.avr-libc
                0x000021d8        0xe c:/program files (x86)/atmel/atmel toolchain/avr8 gcc/native/3.4.1061/avr8-gnu-toolchain/bin/../lib/gcc/avr/4.8.1/../../../../avr/lib/avr5\libc.a(memset.o)
                0x000021d8                memset
 .text.avr-libc
                0x000021e6       0x16 c:/program files (x86)/atmel/atmel toolchain/avr8 gcc/native/3.4.1061/avr8-gnu-toolchain/bin/../lib/gcc/avr/4.8.1/../../../../avr/lib/avr5\libc.a(strnlen.o)
                0x000021e6                strnlen
 .text.avr-libc
                0x000021fc       0x64 c:/program files (x86)/atmel/atmel toolchain/avr8 gcc/native/3.4.1061/avr8-gnu-toolchain/bin/../lib/gcc/avr/4.8.1/../../../../avr/lib/avr5\libc.a(fputc.o)
                0x000021fc                fputc
 .text.avr-libc
                0x00002260       0xbc c:/program files (x86)/atmel/atmel toolchain/avr8 gcc/native/3.4.1061/avr8-gnu-toolchain/bin/../lib/gcc/avr/4.8.1/../../../../avr/lib/avr5\libc.a(ultoa_invert.o)
                0x00002260                __ultoa_invert
 .text.libgcc.div
                0x0000231c       0x2e c:/program files (x86)/atmel/atmel toolchain/avr8 gcc/native/3.4.1061/avr8-gnu-toolchain/bin/../lib/gcc/avr/4.8.1/avr5\libgcc.a(_divmodsi4.o)
                0x0000231c                __divmodsi4
 .text.libgcc.div
                0x0000234a       0x10 c:/program files (x86)/atmel/atmel toolchain/avr8 gcc/native/3.4.1061/avr8-gnu-toolchain/bin/../lib/gcc/avr/4.8.1/avr5\libgcc.a(_negsi2.o)
                0x0000234a                __negsi2
 .text.libgcc.mul
                0x0000235a       0x16 c:/program files (x86)/atmel/atmel toolchain/avr8 gcc/native/3.4.1061/avr8-gnu-toolchain/bin/../lib/gcc/avr/4.8.1/avr5\libgcc.a(_muluhisi3.o)
                0x0000235a                __muluhisi3
 .text.libgcc.mul
                0x00002370       0x10 c:/program files (x86)/atmel/atmel toolchain/avr8 gcc/native/3.4.1061/avr8-gnu-toolchain/bin/../lib/gcc/avr/4.8.1/avr5\libgcc.a(_mulshisi3.o)
                0x00002370                __mulshisi3
                0x00002376                __mulohisi3
 .text.libgcc.prologue
                0x00002380       0x38 c:/program files (x86)/atmel/atmel toolchain/avr8 gcc/native/3.4.1061/avr8-gnu-toolchain/bin/../lib/gcc/avr/4.8.1/avr5\libgcc.a(_prologue.o)
                0x00002380                __prologue_saves__
 .text.libgcc.prologue
                0x000023b8       0x36 c:/program files (x86)/atmel/atmel toolchain/avr8 gcc/native/3.4.1061/avr8-gnu-toolchain/bin/../lib/gcc/avr/4.8.1/avr5\libgcc.a(_epilogue.o)
                0x000023b8                __epilogue_restores__
 .text.libgcc.div
                0x000023ee       0x44 c:/program files (x86)/atmel/atmel toolchain/avr8 gcc/native/3.4.1061/avr8-gnu-toolchain/bin/../lib/gcc/avr/4.8.1/avr5\libgcc.a(_udivmodsi4.o)
                0x000023ee                __udivmodsi4
 .text.libgcc.mul
                0x00002432       0x1e c:/program files (x86)/atmel/atmel toolchain/avr8 gcc/native/3.4.1061/avr8-gnu-toolchain/bin/../lib/gcc/avr/4.8.1/avr5\libgcc.a(_umulhisi3.o)
                0x00002432                __umulhisi3
                0x00002450                . = ALIGN (0x2)
 *(.fini9)
 .fini9         0x00002450        0x0 c:/program files (x86)/atmel/atmel toolchain/avr8 gcc/native/3.4.1061/avr8-gnu-toolchain/bin/../lib/gcc/avr/4.8.1/avr5\libgcc.a(_exit.o)
                0x00002450                _exit
                0x00002450                exit
 *(.fini9)
 *(.fini8)
 *(.fini8)
 *(.fini7)
 *(.fini7)
 *(.fini6)
 *(.fini6)
 *(.fini5)
 *(.fini5)
 *(.fini4)
 *(.fini4)
 *(.fini3)
 *(.fini3)
 *(.fini2)
 *(.fini2)
 *(.fini1)
 *(.fini1)
 *(.fini0)
 .fini0         0x00002450        0x4 c:/program files (x86)/atmel/atmel toolchain/avr8 gcc/native/3.4.1061/avr8-gnu-toolchain/bin/../lib/gcc/avr/4.8.1/avr5\libgcc.a(_exit.o)
 *(.fini0)
                0x00002454                _etext = .

.data           0x00800100       0xfe load address 0x00002454
                0x00800100                PROVIDE (__data_start, .)
 *(.data)
 .data          0x00800100        0x6 c:/program files (x86)/atmel/atmel toolchain/avr8 gcc/native/3.4.1061/avr8-gnu-toolchain/bin/../lib/gcc/avr/4.8.1/../../../../avr/lib/avr5\libc.a(malloc.o)
                0x00800100                __malloc_heap_end
                0x00800102                __malloc_heap_start
                0x00800104                __malloc_margin
 .data          0x00800106        0x4 c:/program files (x86)/atmel/atmel toolchain/avr8 gcc/native/3.4.1061/avr8-gnu-toolchain/bin/../lib/gcc/avr/4.8.1/../../../../avr/lib/avr5\libc.a(rand.o)
 *(.data*)
 .data.font_width
                0x0080010a        0x1 oled.o
 .data.oled_stdout
                0x0080010b        0xe oled.o
 *(.rodata)
 *(.rodata*)
 .rodata.str1.1
                0x00800119       0x78 menu.o
 .rodata.str1.1
                0x00800191       0x6c sram.o
 *(.gnu.linkonce.d*)
                0x008001fe                . = ALIGN (0x2)
 *fill*         0x008001fd        0x1 
                0x008001fe                _edata = .
                0x008001fe                PROVIDE (__data_end, .)

.bss            0x008001fe       0x13
                0x008001fe                PROVIDE (__bss_start, .)
 *(.bss)
 *(.bss*)
 .bss.y_center  0x008001fe        0x1 joystick.o
 .bss.x_center  0x008001ff        0x1 joystick.o
 .bss.difficulty
                0x00800200        0x1 menu.o
 .bss.current_menu
                0x00800201        0x2 menu.o
 .bss.main_menu
                0x00800203        0x2 menu.o
 .bss.page      0x00800205        0x1 oled.o
 .bss.column    0x00800206        0x1 oled.o
 *(COMMON)
 COMMON         0x00800207        0x4 c:/program files (x86)/atmel/atmel toolchain/avr8 gcc/native/3.4.1061/avr8-gnu-toolchain/bin/../lib/gcc/avr/4.8.1/../../../../avr/lib/avr5\libc.a(malloc.o)
                0x00800207                __brkval
                0x00800209                __flp
 COMMON         0x0080020b        0x6 c:/program files (x86)/atmel/atmel toolchain/avr8 gcc/native/3.4.1061/avr8-gnu-toolchain/bin/../lib/gcc/avr/4.8.1/../../../../avr/lib/avr5\libc.a(iob.o)
                0x0080020b                __iob
                0x00800211                PROVIDE (__bss_end, .)
                0x00002454                __data_load_start = LOADADDR (.data)
                0x00002552                __data_load_end = (__data_load_start + SIZEOF (.data))

.noinit         0x00800211        0x0
                0x00800211                PROVIDE (__noinit_start, .)
 *(.noinit*)
                0x00800211                PROVIDE (__noinit_end, .)
                0x00800211                _end = .
                0x00800211                PROVIDE (__heap_start, .)

.eeprom         0x00810000        0x0
 *(.eeprom*)
                0x00810000                __eeprom_end = .

.fuse
 *(.fuse)
 *(.lfuse)
 *(.hfuse)
 *(.efuse)

.lock
 *(.lock*)

.signature
 *(.signature*)

.user_signatures
 *(.user_signatures*)

.stab
 *(.stab)

.stabstr
 *(.stabstr)

.stab.excl
 *(.stab.excl)

.stab.exclstr
 *(.stab.exclstr)

.stab.index
 *(.stab.index)

.stab.indexstr
 *(.stab.indexstr)

.comment        0x00000000       0x5c
 *(.comment)
 .comment       0x00000000       0x30 adc.o
                                 0x31 (size before relaxing)
 .comment       0x00000000       0x31 CAN.o
 .comment       0x00000000       0x31 FSM.o
 .comment       0x00000000       0x31 joystick.o
 .comment       0x00000000       0x31 Main.o
 .comment       0x00000000       0x31 MCP2515.o
 .comment       0x00000000       0x31 memory.o
 .comment       0x00000000       0x31 menu.o
 .comment       0x00000000       0x31 oled.o
 .comment       0x00000000       0x31 slider.o
 .comment       0x00000000       0x31 SPI.o
 .comment       0x00000000       0x31 sram.o
 .comment       0x00000000       0x31 UART.o
 .comment       0x00000000       0x31 c:/program files (x86)/atmel/atmel toolchain/avr8 gcc/native/3.4.1061/avr8-gnu-toolchain/bin/../lib/gcc/avr/4.8.1/../../../../avr/lib/avr5\libc.a(malloc.o)
 .comment       0x00000000       0x31 c:/program files (x86)/atmel/atmel toolchain/avr8 gcc/native/3.4.1061/avr8-gnu-toolchain/bin/../lib/gcc/avr/4.8.1/../../../../avr/lib/avr5\libc.a(rand.o)
 .comment       0x00000000       0x31 c:/program files (x86)/atmel/atmel toolchain/avr8 gcc/native/3.4.1061/avr8-gnu-toolchain/bin/../lib/gcc/avr/4.8.1/../../../../avr/lib/avr5\libc.a(fdevopen.o)
 .comment       0x00000000       0x31 c:/program files (x86)/atmel/atmel toolchain/avr8 gcc/native/3.4.1061/avr8-gnu-toolchain/bin/../lib/gcc/avr/4.8.1/../../../../avr/lib/avr5\libc.a(iob.o)
 .comment       0x00000000       0x31 c:/program files (x86)/atmel/atmel toolchain/avr8 gcc/native/3.4.1061/avr8-gnu-toolchain/bin/../lib/gcc/avr/4.8.1/../../../../avr/lib/avr5\libc.a(printf.o)
 .comment       0x00000000       0x31 c:/program files (x86)/atmel/atmel toolchain/avr8 gcc/native/3.4.1061/avr8-gnu-toolchain/bin/../lib/gcc/avr/4.8.1/../../../../avr/lib/avr5\libc.a(puts.o)
 .comment       0x00000030       0x2c c:/program files (x86)/atmel/atmel toolchain/avr8 gcc/native/3.4.1061/avr8-gnu-toolchain/bin/../lib/gcc/avr/4.8.1/../../../../avr/lib/avr5\libc.a(vfprintf_std.o)
                                 0x2d (size before relaxing)
 .comment       0x00000000       0x31 c:/program files (x86)/atmel/atmel toolchain/avr8 gcc/native/3.4.1061/avr8-gnu-toolchain/bin/../lib/gcc/avr/4.8.1/../../../../avr/lib/avr5\libc.a(calloc.o)
 .comment       0x00000000       0x31 c:/program files (x86)/atmel/atmel toolchain/avr8 gcc/native/3.4.1061/avr8-gnu-toolchain/bin/../lib/gcc/avr/4.8.1/../../../../avr/lib/avr5\libc.a(fputc.o)

.note.gnu.build-id
 *(.note.gnu.build-id)

.debug
 *(.debug)

.line
 *(.line)

.debug_srcinfo
 *(.debug_srcinfo)

.debug_sfnames
 *(.debug_sfnames)

.debug_aranges  0x00000000      0x378
 *(.debug_aranges)
 .debug_aranges
                0x00000000       0x28 adc.o
 .debug_aranges
                0x00000028       0x50 CAN.o
 .debug_aranges
                0x00000078       0x20 FSM.o
 .debug_aranges
                0x00000098       0x50 joystick.o
 .debug_aranges
                0x000000e8       0x20 Main.o
 .debug_aranges
                0x00000108       0x58 MCP2515.o
 .debug_aranges
                0x00000160       0x20 memory.o
 .debug_aranges
                0x00000180       0x88 menu.o
 .debug_aranges
                0x00000208       0x88 oled.o
 .debug_aranges
                0x00000290       0x40 slider.o
 .debug_aranges
                0x000002d0       0x50 SPI.o
 .debug_aranges
                0x00000320       0x20 sram.o
 .debug_aranges
                0x00000340       0x38 UART.o

.debug_pubnames
 *(.debug_pubnames)

.debug_info     0x00000000     0x34c2
 *(.debug_info .gnu.linkonce.wi.*)
 .debug_info    0x00000000       0xe3 adc.o
 .debug_info    0x000000e3      0x785 CAN.o
 .debug_info    0x00000868      0x249 FSM.o
 .debug_info    0x00000ab1      0x33e joystick.o
 .debug_info    0x00000def      0x2c7 Main.o
 .debug_info    0x000010b6      0x4a8 MCP2515.o
 .debug_info    0x0000155e       0x82 memory.o
 .debug_info    0x000015e0      0x9a6 menu.o
 .debug_info    0x00001f86      0xc06 oled.o
 .debug_info    0x00002b8c      0x25c slider.o
 .debug_info    0x00002de8      0x1f9 SPI.o
 .debug_info    0x00002fe1      0x24f sram.o
 .debug_info    0x00003230      0x292 UART.o

.debug_abbrev   0x00000000     0x1499
 *(.debug_abbrev)
 .debug_abbrev  0x00000000       0x90 adc.o
 .debug_abbrev  0x00000090      0x215 CAN.o
 .debug_abbrev  0x000002a5      0x149 FSM.o
 .debug_abbrev  0x000003ee      0x1bd joystick.o
 .debug_abbrev  0x000005ab      0x19f Main.o
 .debug_abbrev  0x0000074a      0x183 MCP2515.o
 .debug_abbrev  0x000008cd       0x4f memory.o
 .debug_abbrev  0x0000091c      0x321 menu.o
 .debug_abbrev  0x00000c3d      0x2e8 oled.o
 .debug_abbrev  0x00000f25      0x163 slider.o
 .debug_abbrev  0x00001088      0x13d SPI.o
 .debug_abbrev  0x000011c5      0x150 sram.o
 .debug_abbrev  0x00001315      0x184 UART.o

.debug_line     0x00000000     0x13fc
 *(.debug_line .debug_line.* .debug_line_end)
 .debug_line    0x00000000       0xc9 adc.o
 .debug_line    0x000000c9      0x1c0 CAN.o
 .debug_line    0x00000289      0x155 FSM.o
 .debug_line    0x000003de      0x16d joystick.o
 .debug_line    0x0000054b      0x198 Main.o
 .debug_line    0x000006e3      0x152 MCP2515.o
 .debug_line    0x00000835       0xab memory.o
 .debug_line    0x000008e0      0x336 menu.o
 .debug_line    0x00000c16      0x348 oled.o
 .debug_line    0x00000f5e      0x119 slider.o
 .debug_line    0x00001077      0x132 SPI.o
 .debug_line    0x000011a9       0xdf sram.o
 .debug_line    0x00001288      0x174 UART.o

.debug_frame    0x00000000      0x948
 *(.debug_frame)
 .debug_frame   0x00000000       0x34 adc.o
 .debug_frame   0x00000034      0x19c CAN.o
 .debug_frame   0x000001d0       0x24 FSM.o
 .debug_frame   0x000001f4       0xe8 joystick.o
 .debug_frame   0x000002dc       0x34 Main.o
 .debug_frame   0x00000310       0xe4 MCP2515.o
 .debug_frame   0x000003f4       0x24 memory.o
 .debug_frame   0x00000418      0x1c8 menu.o
 .debug_frame   0x000005e0      0x188 oled.o
 .debug_frame   0x00000768       0x8c slider.o
 .debug_frame   0x000007f4       0x98 SPI.o
 .debug_frame   0x0000088c       0x58 sram.o
 .debug_frame   0x000008e4       0x64 UART.o

.debug_str      0x00000000      0x9eb
 *(.debug_str)
 .debug_str     0x00000000      0x183 adc.o
                                0x1b7 (size before relaxing)
 .debug_str     0x00000183      0x21a CAN.o
                                0x3a0 (size before relaxing)
 .debug_str     0x0000039d       0xd4 FSM.o
                                0x23c (size before relaxing)
 .debug_str     0x00000471       0x92 joystick.o
                                0x278 (size before relaxing)
 .debug_str     0x00000503       0x5f Main.o
                                0x260 (size before relaxing)
 .debug_str     0x00000562       0xdf MCP2515.o
                                0x26a (size before relaxing)
 .debug_str     0x00000641        0xe memory.o
                                0x160 (size before relaxing)
 .debug_str     0x0000064f      0x11e menu.o
                                0x40d (size before relaxing)
 .debug_str     0x0000076d      0x123 oled.o
                                0x335 (size before relaxing)
 .debug_str     0x00000890       0x26 slider.o
                                0x221 (size before relaxing)
 .debug_str     0x000008b6       0x2e SPI.o
                                0x1d8 (size before relaxing)
 .debug_str     0x000008e4       0x97 sram.o
                                0x1d2 (size before relaxing)
 .debug_str     0x0000097b       0x70 UART.o
                                0x1dc (size before relaxing)

.debug_loc      0x00000000     0x1c03
 *(.debug_loc)
 .debug_loc     0x00000000       0x20 adc.o
 .debug_loc     0x00000020      0x71f CAN.o
 .debug_loc     0x0000073f       0x48 FSM.o
 .debug_loc     0x00000787      0x2af joystick.o
 .debug_loc     0x00000a36       0x47 Main.o
 .debug_loc     0x00000a7d      0x2e1 MCP2515.o
 .debug_loc     0x00000d5e      0x4c5 menu.o
 .debug_loc     0x00001223      0x616 oled.o
 .debug_loc     0x00001839      0x10f slider.o
 .debug_loc     0x00001948       0x81 SPI.o
 .debug_loc     0x000019c9      0x1da sram.o
 .debug_loc     0x00001ba3       0x60 UART.o

.debug_macinfo
 *(.debug_macinfo)

.debug_weaknames
 *(.debug_weaknames)

.debug_funcnames
 *(.debug_funcnames)

.debug_typenames
 *(.debug_typenames)

.debug_varnames
 *(.debug_varnames)

.debug_pubtypes
 *(.debug_pubtypes)

.debug_ranges   0x00000000      0x348
 *(.debug_ranges)
 .debug_ranges  0x00000000       0x18 adc.o
 .debug_ranges  0x00000018       0x40 CAN.o
 .debug_ranges  0x00000058       0x10 FSM.o
 .debug_ranges  0x00000068       0x40 joystick.o
 .debug_ranges  0x000000a8       0x10 Main.o
 .debug_ranges  0x000000b8       0x48 MCP2515.o
 .debug_ranges  0x00000100       0x10 memory.o
 .debug_ranges  0x00000110       0x78 menu.o
 .debug_ranges  0x00000188      0x118 oled.o
 .debug_ranges  0x000002a0       0x30 slider.o
 .debug_ranges  0x000002d0       0x40 SPI.o
 .debug_ranges  0x00000310       0x10 sram.o
 .debug_ranges  0x00000320       0x28 UART.o

.debug_macro
 *(.debug_macro)
OUTPUT(Main.elf elf32-avr)
LOAD linker stubs
